// Jest Snapshot v1, https://goo.gl/fbAQLP

exports[`marks spinner as error 1`] = `
"[1G[33mâ ‹[39m #error[1G[33mâ ™[39m #error[1G[33mâ ¹[39m #error[2K[1G[31mâœ–[39m #error
"
`;

exports[`marks spinner as error with mark 1`] = `
"[1G[33mâ ‹[39m #error[1G[33mâ ™[39m #error[1G[33mâ ¹[39m #error[2K[1G[31mâœ–[39m #error
[1G[33mâ ‹[39m #error[1G[33mâ ™[39m #error[1G[33mâ ¹[39m #error[2K[1G[32mâœ”[39m Error

[1G[33mâ ‹[39m #error[1G[33mâ ™[39m #error[1G[33mâ ¹[39m #error[2K[1G[32mâœ”[39m #error
"
`;

exports[`marks spinner as error with message 1`] = `
"[1G[33mâ ‹[39m #error[1G[33mâ ™[39m #error[1G[33mâ ¹[39m #error[2K[1G[31mâœ–[39m #error
[1G[33mâ ‹[39m #error[1G[33mâ ™[39m #error[1G[33mâ ¹[39m #error[2K[1G[32mâœ”[39m Error

"
`;
