// Jest Snapshot v1, https://goo.gl/fbAQLP

exports[`uses custom frames 1`] = `"[1G[33m.[39m [1G[33mo[39m [1G[33m0[39m [1G[33m@[39m [1G[33m*[39m "`;
