// Jest Snapshot v1, https://goo.gl/fbAQLP

exports[`spins default frames 1`] = `"[?25l[1G[33mâ ‹[39m #reset[?25l[1G[33mâ ™[39m #reset[?25l[1G[33mâ ¹[39m #reset[?25l[1G[33mâ ‹[39m #reset[?25l[1G[33mâ ™[39m #reset"`;
