// Jest Snapshot v1, https://goo.gl/fbAQLP

exports[`spins default frames 1`] = `"[1G[33m‚†ã[39m [1G[33m‚†ô[39m [1G[33m‚†π[39m [1G[33m‚†∏[39m [1G[33m‚†º[39m [1G[33m‚†¥[39m [1G[33m‚†¶[39m [1G[33m‚†ß[39m [1G[33m‚†á[39m [1G[33m‚†è[39m "`;
